Version:            01
ID:                 3fa802cc-358b-45e3-bcc0-69dc7a45f9f8
Descriptors Free:   48
Descriptors Total:  48
Descriptors Offset: 4096
Descriptors Size:   27 KiB
Data Offset:        32176
Data Size:          0 B
