Version:            01
Descriptors Free:   48
Descriptors Total:  48
Descriptors Offset: 4096
Descriptors Size:   27 KiB
Data Offset:        32176
Data Size:          0 B
