{"relativeId":0,"descriptorDigest":"sha224:c46f4657fbd892b26d9880c3ee8078b2af2f9e7647910b233f30a75f","objectDigest":"sha224:0570b8b9a94b1429b3ba5f4b744a174633fcbfedf6f022cf33da3e99"}
