{"relativeId":0,"descriptorDigest":"sha256:46712c8c573850880fceb4302c729b2bd0cfb402d3422faa5ca9026b7ab89b9b","objectDigest":"sha256:8b7df143d91c716ecfa5fc1730022f6b421b05cedee8fd52b1fc65a96030ad52"}
