{"relativeId":0,"descriptorDigest":"sha384:426b1caa794407dd42407ace724ac9372db4ad9e7fad70539ecf078481b0f68133dc1ccad812eef70d80968ec6c7b05c","objectDigest":"sha384:0ca752991753e9fcc29ebc053c86bffb8b266b69ecf82e01fbdf380d65a1e38cbdf72f623721fbe01eb8909cb7e0bb59"}
