{"relativeId":0,"descriptorDigest":"sha512:20f27d88e15dfd9469dfbc55aa5bdb9f48293a6cba38aa920ab511cd4d12d94d294dba3c75f50ad999d226f24c1624f65b7eaab1dd2fe4da6c2c468e3b72a984","objectDigest":"sha512:39ca2b1f97c7d1d223dcb2b22cbe20c36f920aeefd201d0bf68ffc08db6d9ac608a0a202fb536d944c9d1f50cf9bd61b5bc84217212f0727a8db8a01c2fa54b7"}
