  Data Type:     Cryptographic Message
  ID:            1
  Group ID:      1
  Linked ID:     NONE
  Offset:        32176
  Size:          4
  Format Type:   OpenPGP
  Message Type:  Clear Signature
