  Data Type:        FS
  ID:               1
  Group ID:         1
  Linked ID:        NONE
  Offset:           32768
  Size:             4
  Filesystem Type:  Raw
  Partition Type:   System
  Architecture:     386
