  Data Type:  JSON.Generic
  ID:         1
  Group ID:   1
  Linked ID:  NONE
  Offset:     32176
  Size:       2
  Name:       data.json
