  Data Type:  SBOM
  ID:         1
  Group ID:   1
  Linked ID:  NONE
  Offset:     32176
  Size:       454
  Format:     cyclonedx-json
