  Data Type:    JSON.Generic
  ID:           1
  Group ID:     1
  Linked ID:    NONE
  Offset:       32176
  Size:         2
  Created At:   2020-06-30 00:01:56 +0000 UTC
  Modified At:  2020-06-30 00:01:56 +0000 UTC
  Name:         data.json
