"sha224:95041dd60ab08c0bf5636d50be85fe9790300f39eb84602858a9b430"
