"sha384:6b3b69ff0a404f28d75e98a066d3fc64fffd9940870cc68bece28545b9a75086b343d7a1366838083e4b8f3ca6fd3c80"
