{"digest":"sha224:c9a483d5cf14145c7bc90d60e0e80ef0e92453611035b1bc000e5ce2"}
