{"digest":"sha256:a18d8228cd6f87e7fc3559bdf6bf2e32b3663c1b1107ffddcad06f6c2a15598e"}
