{"digest":"sha384:10778862b725bec7b752ae1d0f13dbefbe9082afcfa690138216c0618aa149b39d157e76a925686317b4634afa0c7743"}
