{"digest":"sha512:6a6d35be79ba7885a2785b5384c242c2b782ec686cfe1473af16db743f6164a1637e2d562bba867a5885ef0faf5a64f75970008b96bbe545d4e875e83e922bee"}
