------------------------------------------------------------------------------
ID   |GROUP   |LINK    |SIF POSITION (start-end)  |TYPE
------------------------------------------------------------------------------
1    |1       |NONE    |32768-32772               |FS (Raw/System/386)
2    |1       |NONE    |36864-36868               |FS (Squashfs/*System/386)
3    |1       |1       |40960-41569               |Signature (SHA-384)
4    |1       |2       |45056-45665               |Signature (SHA-384)
