------------------------------------------------------------------------------
ID   |GROUP   |LINK    |SIF POSITION (start-end)  |TYPE
------------------------------------------------------------------------------
1    |1       |NONE    |32176-32180               |Cryptographic Message (OpenPGP/Clear Signature)
