------------------------------------------------------------------------------
ID   |GROUP   |LINK    |SIF POSITION (start-end)  |TYPE
------------------------------------------------------------------------------
1    |1       |NONE    |32176-32178               |JSON.Generic
