{"version":1,"header":{"digest":"sha224:88ecbdbaa9bf8410c9362213ddae5e6771fd2525da3eb390300fb666"},"objects":[{"relativeId":0,"descriptorDigest":"sha224:8ac2ffbf24282ce5f49fc591eee1e0a879b0ae2a9fa813b897b94113","objectDigest":"sha224:071bce5faa03c2016d3e1e086ccb60b6ea3cabc493c9aa1013594efd"},{"relativeId":1,"descriptorDigest":"sha224:15f2307c74c24b5aff01556df7642009a968ad717514da242821b1cb","objectDigest":"sha224:1f26e23245e830c5aa90735377d43535b0a080d03981ea58e4b94372"}]}
