{"version":1,"header":{"digest":"sha384:92bdcff06f2cde591d8af1f0ab80687e5eccf1dfe8fe7a8a8ef4b80d28bd2c7a77bcc4abfbcfdb3fc84ec7992ed54334"},"objects":[{"relativeId":0,"descriptorDigest":"sha384:ed532e8496b916182a4185a3d12f3a6d4c59d204965ef1a732013d1c05050291ec29b48b06ba100a948468868023fb82","objectDigest":"sha384:f8722c6694c4997334525090678b2148f6263502c3eb144a44e8be0d2bfd039f4067a3f8152f94ab3af7c63acfe78ce6"},{"relativeId":1,"descriptorDigest":"sha384:de7f8e386d3c1679711711f31812d12a913b0f5202503e46e9e1c5fd36c49908c5e288a3c08e6b72285dba177596668d","objectDigest":"sha384:da6cf2d305a04a53623df94d5e74bc22aee7961a5a62b289f99db693e5a980ee276526f254f6504f9e66621ce821b977"}]}
