{"version":1,"header":{"digest":"sha512:503a1101d5a7f66e440f157576597c5ab9a3517b025259da985402f3b7de7c90c6034b8b5d3da992a9cae5b47dd355fce3f9932e92bc47422134cc5b7347e1e7"},"objects":[{"relativeId":0,"descriptorDigest":"sha512:4ccbff33c9be45cf2ba25412de4a87bd623fd48bf00598b756ea5a12a4eddb83aa93176a91a875b595750837b3ba77b5dfbbbd90e2126ca4d4828763db6dc591","objectDigest":"sha512:808e1f67ffbdbdae30946529b920a1ad6d49c0c50423bc0c9d41ece566e291b6c3e6b6839f3095fbab6bc15a5b971b07d4b8b2f22b982ce3c2b8fd05eef7e1b3"},{"relativeId":1,"descriptorDigest":"sha512:39bc9e8ecf3192e0656f0b4de529b7e6b1b0d892a6b19fd6f619bf476558bc15255ead250e440c3fe69bbf061b49c0ca0d7de18616c0b3172b2ca2d0753ef331","objectDigest":"sha512:c948c053d5494e944dc251ba774882c58c6b18dae241caa84123c779170d1ed0a22ced3af76d67c7090b668fa7d80531e5b9e3f4677b1b5aae64e8d0d24999bf"}]}
